root@a20-olimex:/dev# dmesg
[    0.000000] Booting Linux on physical CPU 0x0
[    0.000000] Linux version 3.16.0-rc6 (kazu@kazu-develop) (gcc version 4.9.1 (Ubuntu/Linaro 4.9.1-16ubuntu6) ) #3 SMP Tue Dec 9 00:11:12 JST 2014
[    0.000000] CPU: ARMv7 Processor [410fc074] revision 4 (ARMv7), cr=30c5387d
[    0.000000] CPU: PIPT / VIPT nonaliasing data cache, VIPT aliasing instruction cache
[    0.000000] Machine model: Olimex A20-Olinuxino Micro
[    0.000000] Forcing write-allocate cache policy for SMP
[    0.000000] Memory policy: Data cache writealloc
[    0.000000] On node 0 totalpages: 262144
[    0.000000] free_area_init_node: node 0, pgdat c04f3e80, node_mem_map eeffa000
[    0.000000]   Normal zone: 1520 pages used for memmap
[    0.000000]   Normal zone: 0 pages reserved
[    0.000000]   Normal zone: 194560 pages, LIFO batch:31
[    0.000000]   HighMem zone: 528 pages used for memmap
[    0.000000]   HighMem zone: 67584 pages, LIFO batch:15
[    0.000000] psci: probing for conduit method from DT.
[    0.000000] psci: Using PSCI v0.1 Function IDs from DT
[    0.000000] PERCPU: Embedded 5 pages/cpu @eefd4000 s6912 r0 d13568 u32768
[    0.000000] pcpu-alloc: s6912 r0 d13568 u32768 alloc=8*4096
[    0.000000] pcpu-alloc: [0] 0 [0] 1 
[    0.000000] Built 1 zonelists in Zone order, mobility grouping on.  Total pages: 260624
[    0.000000] Kernel command line: console=ttyS0,115200 ro root=/dev/mmcblk0p2 rootwait
[    0.000000] PID hash table entries: 4096 (order: 2, 16384 bytes)
[    0.000000] Dentry cache hash table entries: 131072 (order: 7, 524288 bytes)
[    0.000000] Inode-cache hash table entries: 65536 (order: 6, 262144 bytes)
[    0.000000] Memory: 1034124K/1048576K available (3856K kernel code, 186K rwdata, 764K rodata, 226K init, 240K bss, 14452K reserved, 270336K highmem)
[    0.000000] Virtual kernel memory layout:
[    0.000000]     vector  : 0xffff0000 - 0xffff1000   (   4 kB)
[    0.000000]     fixmap  : 0xffc00000 - 0xffe00000   (2048 kB)
[    0.000000]     vmalloc : 0xf0000000 - 0xff000000   ( 240 MB)
[    0.000000]     lowmem  : 0xc0000000 - 0xef800000   ( 760 MB)
[    0.000000]     pkmap   : 0xbfe00000 - 0xc0000000   (   2 MB)
[    0.000000]       .text : 0xc0008000 - 0xc048b2f0   (4621 kB)
[    0.000000]       .init : 0xc048c000 - 0xc04c4b00   ( 227 kB)
[    0.000000]       .data : 0xc04c6000 - 0xc04f4a80   ( 187 kB)
[    0.000000]        .bss : 0xc04f4a88 - 0xc0530bac   ( 241 kB)
[    0.000000] SLUB: HWalign=64, Order=0-3, MinObjects=0, CPUs=2, Nodes=1
[    0.000000] Hierarchical RCU implementation.
[    0.000000] 	RCU restricting CPUs from NR_CPUS=4 to nr_cpu_ids=2.
[    0.000000] RCU: Adjusting geometry for rcu_fanout_leaf=16, nr_cpu_ids=2
[    0.000000] NR_IRQS:16 nr_irqs:16 16
[    0.000000] Architected cp15 timer(s) running at 24.00MHz (phys).
[    0.000009] sched_clock: 56 bits at 24MHz, resolution 41ns, wraps every 2863311519744ns
[    0.000017] Switching to timer-based delay loop
[    0.000288] sched_clock: 32 bits at 24MHz, resolution 41ns, wraps every 178956969942ns
[    0.000410] sched_clock: 32 bits at 160MHz, resolution 6ns, wraps every 26843545593ns
[    0.000583] Console: colour dummy device 80x30
[    0.000612] Calibrating delay loop (skipped), value calculated using timer frequency.. 48.00 BogoMIPS (lpj=240000)
[    0.000626] pid_max: default: 32768 minimum: 301
[    0.000744] Mount-cache hash table entries: 2048 (order: 1, 8192 bytes)
[    0.000755] Mountpoint-cache hash table entries: 2048 (order: 1, 8192 bytes)
[    0.001426] CPU: Testing write buffer coherency: ok
[    0.001746] /cpus/cpu@0 missing clock-frequency property
[    0.001763] /cpus/cpu@1 missing clock-frequency property
[    0.001776] CPU0: thread -1, cpu 0, socket 0, mpidr 80000000
[    0.001833] Setting up static identity map for 0x403ad940 - 0x403ad998
[    0.003228] CPU1: Booted secondary processor
[    0.003273] CPU1: thread -1, cpu 1, socket 0, mpidr 80000001
[    0.003356] Brought up 2 CPUs
[    0.003376] SMP: Total of 2 processors activated.
[    0.003382] CPU: All CPU(s) started in HYP mode.
[    0.003387] CPU: Virtualization extensions available.
[    0.004039] devtmpfs: initialized
[    0.007769] VFP support v0.3: implementor 41 architecture 2 part 30 variant 7 rev 4
[    0.008140] pinctrl core: initialized pinctrl subsystem
[    0.008509] regulator-dummy: no parameters
[    0.013134] NET: Registered protocol family 16
[    0.013478] DMA: preallocated 256 KiB pool for atomic coherent allocations
[    0.018476] hw-breakpoint: found 5 (+1 reserved) breakpoint and 4 watchpoint registers.
[    0.018491] hw-breakpoint: maximum watchpoint size is 8 bytes.
[    0.024934] reg-fixed-voltage ahci-5v: could not find pctldev for node /soc@01c00000/pinctrl@01c20800/ahci_pwr_pin@0, deferring probe
[    0.024964] platform ahci-5v: Driver reg-fixed-voltage requests probe deferral
[    0.024991] reg-fixed-voltage usb1-vbus: could not find pctldev for node /soc@01c00000/pinctrl@01c20800/usb1_vbus_pin@0, deferring probe
[    0.025004] platform usb1-vbus: Driver reg-fixed-voltage requests probe deferral
[    0.025024] reg-fixed-voltage usb2-vbus: could not find pctldev for node /soc@01c00000/pinctrl@01c20800/usb2_vbus_pin@0, deferring probe
[    0.025036] platform usb2-vbus: Driver reg-fixed-voltage requests probe deferral
[    0.025228] vcc3v0: 3000 mV 
[    0.025450] vcc3v3: 3300 mV 
[    0.026001] SCSI subsystem initialized
[    0.026234] libata version 3.00 loaded.
[    0.026502] usbcore: registered new interface driver usbfs
[    0.026567] usbcore: registered new interface driver hub
[    0.026703] usbcore: registered new device driver usb
[    0.026867] pps_core: LinuxPPS API ver. 1 registered
[    0.026875] pps_core: Software ver. 5.3.6 - Copyright 2005-2007 Rodolfo Giometti <giometti@linux.it>
[    0.026909] PTP clock support registered
[    0.027872] Switched to clocksource arch_sys_counter
[    0.037273] NET: Registered protocol family 2
[    0.037931] TCP established hash table entries: 8192 (order: 3, 32768 bytes)
[    0.038022] TCP bind hash table entries: 8192 (order: 4, 65536 bytes)
[    0.038144] TCP: Hash tables configured (established 8192 bind 8192)
[    0.038237] TCP: reno registered
[    0.038252] UDP hash table entries: 512 (order: 2, 16384 bytes)
[    0.038313] UDP-Lite hash table entries: 512 (order: 2, 16384 bytes)
[    0.038567] NET: Registered protocol family 1
[    0.038950] RPC: Registered named UNIX socket transport module.
[    0.038962] RPC: Registered udp transport module.
[    0.038968] RPC: Registered tcp transport module.
[    0.038974] RPC: Registered tcp NFSv4.1 backchannel transport module.
[    0.039671] kvm [1]: interrupt-controller@1c84000 IRQ25
[    0.039907] kvm [1]: timer IRQ27
[    0.039926] kvm [1]: Hyp mode initialized successfully
[    0.040400] hw perfevents: enabled with ARMv7 Cortex-A7 PMU driver, 5 counters available
[    0.041421] futex hash table entries: 512 (order: 3, 32768 bytes)
[    0.051903] NFS: Registering the id_resolver key type
[    0.051975] Key type id_resolver registered
[    0.051982] Key type id_legacy registered
[    0.052155] bounce: pool size: 64 pages
[    0.052368] Block layer SCSI generic (bsg) driver version 0.4 loaded (major 250)
[    0.052386] io scheduler noop registered
[    0.052398] io scheduler deadline registered
[    0.052559] io scheduler cfq registered (default)
[    0.052831] platform 1c13400.phy: Driver sun4i-usb-phy requests probe deferral
[    0.055106] sun7i-a20-pinctrl 1c20800.pinctrl: initialized sunXi PIO driver
[    0.109934] Serial: 8250/16550 driver, 8 ports, IRQ sharing disabled
[    0.112907] console [ttyS0] disabled
[    0.133126] 1c28000.serial: ttyS0 at MMIO 0x1c28000 (irq = 33, base_baud = 1500000) is a U6_16550A
[    0.766743] console [ttyS0] enabled
[    0.792460] dw-apb-uart 1c29800.serial: Couldn't set LCR to 0
[    0.799207] dw-apb-uart 1c29800.serial: Couldn't set LCR to 0
[    0.804977] 1c29800.serial: ttyS1 at MMIO 0x1c29800 (irq = 51, base_baud = 1500000) is a U6_16550A
[    0.836240] dw-apb-uart 1c29c00.serial: Couldn't set LCR to 0
[    0.842987] dw-apb-uart 1c29c00.serial: Couldn't set LCR to 0
[    0.848781] 1c29c00.serial: ttyS2 at MMIO 0x1c29c00 (irq = 52, base_baud = 1500000) is a U6_16550A
[    0.862132] loop: module loaded
[    0.866095] platform 1c18000.sata: Driver ahci-sunxi requests probe deferral
[    0.875286] stmmaceth 1c50000.ethernet: no regulator found
[    0.880856] stmmaceth 1c50000.ethernet: no reset control found
[    0.886684]  Ring mode enabled
[    0.889754]  No HW DMA feature register supported
[    0.894278]  Normal descriptors
[    0.897599]  TX Checksum insertion supported
[    0.905281] libphy: stmmac: probed
[    0.908719] eth0: PHY ID 00008201 at 1 IRQ POLL (stmmac-0:01) active
[    0.915200] ehci_hcd: USB 2.0 'Enhanced' Host Controller (EHCI) Driver
[    0.921742] ehci-platform: EHCI generic platform driver
[    0.927114] platform 1c14000.usb: Driver ehci-platform requests probe deferral
[    0.934424] platform 1c1c000.usb: Driver ehci-platform requests probe deferral
[    0.941744] ohci_hcd: USB 1.1 'Open' Host Controller (OHCI) Driver
[    0.947970] ohci-platform: OHCI generic platform driver
[    0.953296] platform 1c14400.usb: Driver ohci-platform requests probe deferral
[    0.960591] platform 1c1c400.usb: Driver ohci-platform requests probe deferral
[    0.968314] sunxi-rtc 1c20d00.rtc: rtc core: registered rtc-sunxi as rtc0
[    0.975099] sunxi-rtc 1c20d00.rtc: RTC enabled
[    0.979656] i2c /dev entries driver
[    0.985295] sunxi-wdt 1c20c90.watchdog: Watchdog enabled (timeout=16 sec, nowayout=0)
[    0.993727] sunxi-mmc 1c0f000.mmc: No vqmmc regulator found
[    0.999895] sunxi-mmc 1c0f000.mmc: Got CD GPIO #225.
[    1.037912] sunxi-mmc 1c0f000.mmc: base:0xf00bc000 irq:64
[    1.043795] sunxi-mmc 1c12000.mmc: No vqmmc regulator found
[    1.050041] sunxi-mmc 1c12000.mmc: Got CD GPIO #235.
[    1.084882] mmc0: host does not support reading read-only switch. assuming write-enable.
[    1.087890] sunxi-mmc 1c12000.mmc: base:0xf00d2000 irq:67
[    1.089126] usbcore: registered new interface driver usbhid
[    1.089129] usbhid: USB HID core driver
[    1.089603] TCP: cubic registered
[    1.089617] NET: Registered protocol family 17
[    1.089760] Key type dns_resolver registered
[    1.089870] Registering SWP/SWPB emulation handler
[    1.125764] ahci-5v: 5000 mV 
[    1.129136] usb1-vbus: 5000 mV 
[    1.132595] usb2-vbus: 5000 mV 
[    1.137204] mmc0: new high speed SDHC card at address 59b4
[    1.143154] mmcblk0: mmc0:59b4 USDU1 7.37 GiB 
[    1.149004]  mmcblk0: p1 p2
[    1.197932] ahci-sunxi 1c18000.sata: controller can't do PMP, turning off CAP_PMP
[    1.205418] ahci-sunxi 1c18000.sata: forcing PORTS_IMPL to 0x1
[    1.211322] ahci-sunxi 1c18000.sata: AHCI 0001.0100 32 slots 1 ports 3 Gbps 0x1 impl platform mode
[    1.220291] ahci-sunxi 1c18000.sata: flags: ncq sntf pm led clo only pio slum part ccc 
[    1.229230] scsi0 : ahci_platform
[    1.232885] ata1: SATA max UDMA/133 mmio [mem 0x01c18000-0x01c18fff] port 0x100 irq 88
[    1.241170] ehci-platform 1c14000.usb: EHCI Host Controller
[    1.246769] ehci-platform 1c14000.usb: new USB bus registered, assigned bus number 1
[    1.254642] ehci-platform 1c14000.usb: irq 71, io mem 0x01c14000
[    1.277894] ehci-platform 1c14000.usb: USB 2.0 started, EHCI 1.00
[    1.284905] hub 1-0:1.0: USB hub found
[    1.288759] hub 1-0:1.0: 1 port detected
[    1.293297] ehci-platform 1c1c000.usb: EHCI Host Controller
[    1.298963] ehci-platform 1c1c000.usb: new USB bus registered, assigned bus number 2
[    1.306805] ehci-platform 1c1c000.usb: irq 72, io mem 0x01c1c000
[    1.327878] ehci-platform 1c1c000.usb: USB 2.0 started, EHCI 1.00
[    1.334783] hub 2-0:1.0: USB hub found
[    1.338623] hub 2-0:1.0: 1 port detected
[    1.343149] ohci-platform 1c14400.usb: Generic Platform OHCI controller
[    1.349838] ohci-platform 1c14400.usb: new USB bus registered, assigned bus number 3
[    1.357660] ohci-platform 1c14400.usb: irq 96, io mem 0x01c14400
[    1.422698] hub 3-0:1.0: USB hub found
[    1.426487] hub 3-0:1.0: 1 port detected
[    1.431030] ohci-platform 1c1c400.usb: Generic Platform OHCI controller
[    1.437665] ohci-platform 1c1c400.usb: new USB bus registered, assigned bus number 4
[    1.445560] ohci-platform 1c1c400.usb: irq 97, io mem 0x01c1c400
[    1.512724] hub 4-0:1.0: USB hub found
[    1.516514] hub 4-0:1.0: 1 port detected
[    1.520930] sunxi-rtc 1c20d00.rtc: setting system clock to 2014-12-08 17:07:00 UTC (1418058420)
[    1.533222] vcc3v0: disabling
[    1.597913] ata1: SATA link down (SStatus 0 SControl 300)
[    1.604760] EXT4-fs (mmcblk0p2): mounting ext3 file system using the ext4 subsystem
[    1.637383] EXT4-fs (mmcblk0p2): mounted filesystem with ordered data mode. Opts: (null)
[    1.645568] VFS: Mounted root (ext3 filesystem) readonly on device 179:2.
[    1.675562] devtmpfs: mounted
[    1.678822] Freeing unused kernel memory: 224K (c048c000 - c04c4000)
[    2.717593] udevd[158]: starting version 175
[    4.461528] EXT4-fs (mmcblk0p2): re-mounted. Opts: (null)
[    4.736319] EXT4-fs (mmcblk0p2): re-mounted. Opts: errors=remount-ro
[    7.307794] random: nonblocking pool is initialized
[    7.948707]  No MAC Management Counters available
[   12.938147] stmmaceth 1c50000.ethernet eth0: Link is Up - 100Mbps/Full - flow control rx/tx
[ 1769.956354] udevd[12526]: starting version 175
root@a20-olimex:/dev# 
